Starting a Gradle Daemon, 2 incompatible and 7 stopped Daemons could not be reused, use --status for details
.\gradlew.bat : 
At line:1 char:1
+ .\gradlew.bat assembleDebug 2>&1 > build_output.txt; type build_outpu ...
+ ~~~~~~~~~~~~~~~~~~~~~~~~~~~~~~~~~~~~~~~~~~~~~~~~~~~
    + CategoryInfo          : NotSpecified: (:String) [], RemoteException
    + FullyQualifiedErrorId : NativeCommandError
 
FAILURE: Build failed with an exception.

* What went wrong:
25.0.1

* Try:
> Run with --stacktrace option to get the stack trace.
> Run with --info or --debug option to get more log output.
> Run with --scan to get full insights.
> Get more help at https://help.gradle.org.

BUILD FAILED in 9s
